// Jest Snapshot v1, https://goo.gl/fbAQLP

exports[`CounterApp should match snapshot 1`] = `
<div>
  <h1>
    CounterApp
  </h1>
  <h2>
     
    0
     
  </h2>
  <button
    aria-label="btn-substract"
  >
    -1
  </button>
  <button
    aria-label="btn-reset"
  >
    Reset
  </button>
  <button
    aria-label="btn-add"
  >
    +1
  </button>
</div>
`;
